
Allocating common symbols
Common symbol       size              file

io                  0xc               io.o

Memory Configuration

Name             Origin             Length             Attributes
ROM              0x0000000000000000 0x0000000000001000 x !rw
RAM              0x0000000000001000 0x0000000000001000 rw !x
IO               0x0000000080000000 0x0000000000000010 rw !x
*default*        0x0000000000000000 0xffffffffffffffff

Linker script and memory map


.text           0x0000000000000000      0x594
 boot.o(.text)
 .text          0x0000000000000000       0xc4 boot.o
                0x0000000000000000                _start
 *(.text)
 .text          0x00000000000000c4        0x0 io.o
 .text          0x00000000000000c4      0x2ec stdio.o
                0x00000000000000c4                getchar
                0x00000000000000e4                putchar
                0x0000000000000130                gets
                0x00000000000001b4                putstr
                0x00000000000001ec                puts
                0x000000000000022c                hex
                0x0000000000000248                putx
                0x0000000000000348                printf
                0x0000000000000380                strcmp
 .text          0x00000000000003b0      0x1e4 main.o
                0x00000000000003b0                main

.data           0x0000000000001000      0x184
 *(.data)
 .data          0x0000000000001000        0x0 boot.o
 .data          0x0000000000001000        0x0 io.o
 .data          0x0000000000001000        0x0 stdio.o
 .data          0x0000000000001000        0x0 main.o
 *(.bss)
 .bss           0x0000000000001000        0x0 boot.o
 .bss           0x0000000000001000        0x0 io.o
 .bss           0x0000000000001000        0x0 stdio.o
 .bss           0x0000000000001000        0x0 main.o
 *(.rela*)
 .rela.text     0x0000000000001000        0x0 boot.o
 *(.rodata*)
 .rodata.str1.4
                0x0000000000001000      0x115 boot.o
 *fill*         0x0000000000001115        0x3 
 .rodata.str1.4
                0x0000000000001118       0x11 stdio.o
 *fill*         0x0000000000001129        0x3 
 .rodata.str1.4
                0x000000000000112c       0x58 main.o
                                         0x60 (size before relaxing)

.io             0x0000000080000000        0xc
 io.o(COMMON)
 COMMON         0x0000000080000000        0xc io.o
                0x0000000080000000                io
LOAD boot.o
LOAD stdio.o
LOAD main.o
LOAD io.o
OUTPUT(darksocv.o elf32-littleriscv)

.comment        0x0000000000000000       0x29
 .comment       0x0000000000000000       0x29 boot.o
                                         0x2a (size before relaxing)
 .comment       0x0000000000000029       0x2a io.o
 .comment       0x0000000000000029       0x2a stdio.o
 .comment       0x0000000000000029       0x2a main.o
