
Allocating common symbols
Common symbol       size              file

io                  0x10              io.o

Memory Configuration

Name             Origin             Length             Attributes
ROM              0x0000000000000000 0x0000000000001000 x !rw
RAM              0x0000000000001000 0x0000000000001000 rw !x
IO               0x0000000080000000 0x0000000000000010 rw !x
*default*        0x0000000000000000 0xffffffffffffffff

Linker script and memory map


.text           0x0000000000000000      0x520
 boot.o(.text)
 .text          0x0000000000000000       0x78 boot.o
                0x0000000000000000                _start
 *(.text)
 .text          0x0000000000000078        0x0 io.o
 .text          0x0000000000000078      0x434 stdio.o
                0x0000000000000078                getchar
                0x0000000000000094                putchar
                0x00000000000000d4                gets
                0x000000000000014c                puts
                0x0000000000000184                putx
                0x0000000000000264                putd
                0x0000000000000348                printf
                0x0000000000000444                strcmp
                0x000000000000046c                memcpy
                0x0000000000000490                memset
 .text          0x00000000000004ac        0x0 main.o
 .text          0x00000000000004ac       0x74 hello.o
                0x00000000000004ac                hello

.text.startup   0x0000000000000520      0x244
 .text.startup  0x0000000000000520      0x244 main.o
                0x0000000000000520                main

.data           0x0000000000001000      0x2a4
 *(.data)
 .data          0x0000000000001000        0x0 boot.o
 .data          0x0000000000001000       0x14 io.o
                0x0000000000001000                board_name
 .data          0x0000000000001014        0x0 stdio.o
 .data          0x0000000000001014        0x0 main.o
 .data          0x0000000000001014        0x0 hello.o
 *(.bss)
 .bss           0x0000000000001014        0x0 boot.o
 .bss           0x0000000000001014        0x0 io.o
 .bss           0x0000000000001014        0x0 stdio.o
 .bss           0x0000000000001014        0x0 main.o
 .bss           0x0000000000001014        0x0 hello.o
 *(.rela*)
 .rela.text     0x0000000000001014        0x0 boot.o
 .rela.text.startup
                0x0000000000001014        0x0 boot.o
 *(.rodata*)
 .rodata.str1.4
                0x0000000000001014       0x54 boot.o
 .rodata.str1.4
                0x0000000000001068       0x5a io.o
 *fill*         0x00000000000010c2        0x2 
 .rodata        0x00000000000010c4       0x28 stdio.o
 .rodata.str1.4
                0x00000000000010ec       0x11 stdio.o
 *fill*         0x00000000000010fd        0x3 
 .rodata.str1.4
                0x0000000000001100       0x92 main.o
 *fill*         0x0000000000001192        0x2 
 .rodata.str1.4
                0x0000000000001194      0x110 hello.o
                                        0x10d (size before relaxing)

.io             0x0000000080000000       0x10
 io.o(COMMON)
 COMMON         0x0000000080000000       0x10 io.o
                0x0000000080000000                io
LOAD boot.o
LOAD stdio.o
LOAD main.o
LOAD io.o
LOAD hello.o
OUTPUT(darksocv.o elf32-littleriscv)

.comment        0x0000000000000000       0x29
 .comment       0x0000000000000000       0x29 boot.o
                                         0x2a (size before relaxing)
 .comment       0x0000000000000029       0x2a io.o
 .comment       0x0000000000000029       0x2a stdio.o
 .comment       0x0000000000000029       0x2a main.o
 .comment       0x0000000000000029       0x2a hello.o
