
Allocating common symbols
Common symbol       size              file

io                  0x10              io.o

Memory Configuration

Name             Origin             Length             Attributes
ROM              0x0000000000000000 0x0000000000001000 x !rw
RAM              0x0000000000001000 0x0000000000001000 rw !x
IO               0x0000000080000000 0x0000000000000010 rw !x
*default*        0x0000000000000000 0xffffffffffffffff

Linker script and memory map


.text           0x0000000000000000      0x7dc
 boot.o(.text)
 .text          0x0000000000000000       0x74 boot.o
                0x0000000000000000                boot
 *(.text)
 .text          0x0000000000000074        0x0 io.o
 .text          0x0000000000000074      0x6f4 stdio.o
                0x0000000000000074                getchar
                0x0000000000000090                putchar
                0x00000000000000d0                gets
                0x0000000000000188                putstr
                0x00000000000001c8                puts
                0x00000000000001e4                putx
                0x0000000000000294                putd
                0x0000000000000324                printf
                0x00000000000003f8                strncmp
                0x000000000000042c                strcmp
                0x0000000000000434                strlen
                0x0000000000000458                memcpy
                0x000000000000047c                memset
                0x0000000000000498                strtok
                0x0000000000000538                atoi
                0x000000000000058c                xtoi
                0x00000000000005cc                mac
                0x00000000000005d4                __umulsi3
                0x000000000000061c                __mulsi3
                0x0000000000000674                __udiv_umod_si3
                0x00000000000006c4                __udivsi3
                0x00000000000006cc                __umodsi3
                0x00000000000006d4                __div_mod_si3
                0x0000000000000758                __divsi3
                0x0000000000000760                __modsi3
 .text          0x0000000000000768        0x0 main.o
 .text          0x0000000000000768       0x74 banner.o
                0x0000000000000768                banner

.text.startup   0x00000000000007dc      0x6d8
 .text.startup  0x00000000000007dc      0x6d8 main.o
                0x00000000000007dc                main

.data           0x0000000000001000      0x4b4
 *(.data)
 .data          0x0000000000001000        0x0 boot.o
 .data          0x0000000000001000       0x18 io.o
                0x0000000000001000                board_name
 .data          0x0000000000001018        0x0 stdio.o
 .data          0x0000000000001018        0x0 main.o
 .data          0x0000000000001018        0x0 banner.o
 *(.bss)
 .bss           0x0000000000001018        0x0 boot.o
 .bss           0x0000000000001018        0x0 io.o
 .bss           0x0000000000001018        0x0 stdio.o
 .bss           0x0000000000001018        0x0 main.o
 .bss           0x0000000000001018        0x0 banner.o
 *(.rela*)
 .rela.text     0x0000000000001018        0x0 boot.o
 .rela.text.startup
                0x0000000000001018        0x0 boot.o
 *(.rodata*)
 .rodata.str1.4
                0x0000000000001018       0x71 io.o
 *fill*         0x0000000000001089        0x3 
 .rodata        0x000000000000108c       0x40 stdio.o
 .rodata.str1.4
                0x00000000000010cc       0x27 stdio.o
 *fill*         0x00000000000010f3        0x1 
 .rodata.str1.4
                0x00000000000010f4      0x2a7 main.o
                                        0x2ab (size before relaxing)
 *fill*         0x000000000000139b        0x1 
 .rodata.str1.4
                0x000000000000139c      0x110 banner.o
                                        0x10d (size before relaxing)
 *(.sbss)
 .sbss          0x00000000000014ac        0x4 io.o
                0x00000000000014ac                threads
 .sbss          0x00000000000014b0        0x4 stdio.o

.io             0x0000000080000000       0x10
 io.o(COMMON)
 COMMON         0x0000000080000000       0x10 io.o
                0x0000000080000000                io
LOAD boot.o
LOAD stdio.o
LOAD main.o
LOAD io.o
LOAD banner.o
OUTPUT(darksocv.o elf32-littleriscv)

.comment        0x0000000000000000       0x29
 .comment       0x0000000000000000       0x29 boot.o
                                         0x2a (size before relaxing)
 .comment       0x0000000000000029       0x2a io.o
 .comment       0x0000000000000029       0x2a stdio.o
 .comment       0x0000000000000029       0x2a main.o
 .comment       0x0000000000000029       0x2a banner.o
