
Allocating common symbols
Common symbol       size              file

io                  0x10              io.o

Memory Configuration

Name             Origin             Length             Attributes
IO               0x0000000080000000 0x0000000000000010 rw !x
ROM              0x0000000000000000 0x0000000000001000 x !rw
RAM              0x0000000000001000 0x0000000000001000 rw !x
*default*        0x0000000000000000 0xffffffffffffffff

Linker script and memory map


.io             0x0000000080000000       0x10
 io.o(COMMON)
 COMMON         0x0000000080000000       0x10 io.o
                0x0000000080000000                io

.text           0x0000000000000000      0x840
 boot.o(.text)
 .text          0x0000000000000000       0x88 boot.o
                0x0000000000000000                boot
 *(.text)
 .text          0x0000000000000088       0x6c io.o
                0x0000000000000088                board_name
 .text          0x00000000000000f4      0x6d8 stdio.o
                0x00000000000000f4                getchar
                0x0000000000000110                putchar
                0x0000000000000150                gets
                0x0000000000000208                putstr
                0x0000000000000248                puts
                0x0000000000000264                putdx
                0x000000000000035c                putx
                0x0000000000000364                putd
                0x000000000000036c                printf
                0x0000000000000440                strncmp
                0x0000000000000474                strcmp
                0x000000000000047c                strlen
                0x00000000000004a0                memcpy
                0x00000000000004c4                memset
                0x00000000000004e0                strtok
                0x0000000000000580                atoi
                0x00000000000005d4                xtoi
                0x0000000000000614                mac
                0x000000000000061c                __umulsi3
                0x0000000000000650                __mulsi3
                0x00000000000006a8                __udiv_umod_si3
                0x00000000000006f8                __udivsi3
                0x0000000000000700                __umodsi3
                0x0000000000000708                __div_mod_si3
                0x000000000000078c                __divsi3
                0x0000000000000794                __modsi3
                0x000000000000079c                usleep
 .text          0x00000000000007cc        0x0 main.o
 .text          0x00000000000007cc       0x74 banner.o
                0x00000000000007cc                banner

.text.startup   0x0000000000000840      0x420
 .text.startup  0x0000000000000840      0x420 main.o
                0x0000000000000840                main

.data           0x0000000000001000      0x4cc
 *(.sbss)
 .sbss          0x0000000000001000        0x4 io.o
                0x0000000000001000                threads
 .sbss          0x0000000000001004        0x4 stdio.o
 *(.rodata*)
 .rodata.str1.4
                0x0000000000001008       0x7c io.o
 .rodata.str1.4
                0x0000000000001084       0x21 boot.o
 *fill*         0x00000000000010a5        0x3 
 .rodata        0x00000000000010a8       0x40 stdio.o
 .rodata.str1.4
                0x00000000000010e8       0x19 stdio.o
 *fill*         0x0000000000001101        0x3 
 .rodata.str1.4
                0x0000000000001104      0x2b7 main.o
                                        0x2bb (size before relaxing)
 *fill*         0x00000000000013bb        0x1 
 .rodata.str1.4
                0x00000000000013bc      0x110 banner.o
                                        0x10d (size before relaxing)
 *(.data)
 .data          0x00000000000014cc        0x0 io.o
 .data          0x00000000000014cc        0x0 boot.o
 .data          0x00000000000014cc        0x0 stdio.o
 .data          0x00000000000014cc        0x0 main.o
 .data          0x00000000000014cc        0x0 banner.o
 *(.bss)
 .bss           0x00000000000014cc        0x0 io.o
 .bss           0x00000000000014cc        0x0 boot.o
 .bss           0x00000000000014cc        0x0 stdio.o
 .bss           0x00000000000014cc        0x0 main.o
 .bss           0x00000000000014cc        0x0 banner.o
 *(.rela*)
 .rela.text     0x00000000000014cc        0x0 io.o
 .rela.text.startup
                0x00000000000014cc        0x0 io.o
 *(COMMON)
LOAD boot.o
LOAD stdio.o
LOAD main.o
LOAD io.o
LOAD banner.o
OUTPUT(darksocv.o elf32-littleriscv)

.comment        0x0000000000000000       0x29
 .comment       0x0000000000000000       0x29 io.o
                                         0x2a (size before relaxing)
 .comment       0x0000000000000029       0x2a boot.o
 .comment       0x0000000000000029       0x2a stdio.o
 .comment       0x0000000000000029       0x2a main.o
 .comment       0x0000000000000029       0x2a banner.o
