
Allocating common symbols
Common symbol       size              file

io                  0x10              io.o

Memory Configuration

Name             Origin             Length             Attributes
ROM              0x0000000000000000 0x0000000000001000 x !rw
RAM              0x0000000000001000 0x0000000000001000 rw !x
IO               0x0000000080000000 0x0000000000000010 rw !x
*default*        0x0000000000000000 0xffffffffffffffff

Linker script and memory map


.text           0x0000000000000000      0x7a8
 boot.o(.text)
 .text          0x0000000000000000       0x50 boot.o
                0x0000000000000000                _start
 *(.text)
 .text          0x0000000000000050        0x0 io.o
 .text          0x0000000000000050      0x6e4 stdio.o
                0x0000000000000050                getchar
                0x000000000000006c                putchar
                0x00000000000000ac                gets
                0x0000000000000124                puts
                0x000000000000015c                putx
                0x000000000000023c                putd
                0x0000000000000320                printf
                0x000000000000041c                strncmp
                0x0000000000000450                strcmp
                0x0000000000000458                strlen
                0x0000000000000478                memcpy
                0x000000000000049c                memset
                0x00000000000004b8                strtok
                0x000000000000054c                atoi
                0x0000000000000598                mac
                0x00000000000005a0                __mului3
                0x00000000000005e8                __mulsi3
                0x0000000000000640                __divu_modui3
                0x0000000000000690                __divui3
                0x0000000000000698                __modui3
                0x00000000000006a0                __divs_modsi3
                0x0000000000000724                __divsi3
                0x000000000000072c                __modsi3
 .text          0x0000000000000734        0x0 main.o
 .text          0x0000000000000734       0x74 banner.o
                0x0000000000000734                banner

.text.startup   0x00000000000007a8      0x458
 .text.startup  0x00000000000007a8      0x458 main.o
                0x00000000000007a8                main

.data           0x0000000000001000      0x3e4
 *(.data)
 .data          0x0000000000001000        0x0 boot.o
 .data          0x0000000000001000       0x18 io.o
                0x0000000000001000                board_name
 .data          0x0000000000001018        0x0 stdio.o
 .data          0x0000000000001018        0x0 main.o
 .data          0x0000000000001018        0x0 banner.o
 *(.bss)
 .bss           0x0000000000001018        0x0 boot.o
 .bss           0x0000000000001018        0x0 io.o
 .bss           0x0000000000001018        0x0 stdio.o
 .bss           0x0000000000001018        0x0 main.o
 .bss           0x0000000000001018        0x0 banner.o
 *(.rela*)
 .rela.text     0x0000000000001018        0x0 boot.o
 .rela.text.startup
                0x0000000000001018        0x0 boot.o
 *(.rodata*)
 .rodata.str1.4
                0x0000000000001018        0x3 boot.o
 *fill*         0x000000000000101b        0x1 
 .rodata.str1.4
                0x000000000000101c       0x71 io.o
 *fill*         0x000000000000108d        0x3 
 .rodata        0x0000000000001090       0x28 stdio.o
 .rodata.str1.4
                0x00000000000010b8       0x11 stdio.o
 *fill*         0x00000000000010c9        0x3 
 .rodata.str1.4
                0x00000000000010cc      0x204 main.o
 .rodata.str1.4
                0x00000000000012d0      0x110 banner.o
                                        0x10d (size before relaxing)
 *(.sbss)
 .sbss          0x00000000000013e0        0x4 stdio.o

.io             0x0000000080000000       0x10
 io.o(COMMON)
 COMMON         0x0000000080000000       0x10 io.o
                0x0000000080000000                io
LOAD boot.o
LOAD stdio.o
LOAD main.o
LOAD io.o
LOAD banner.o
OUTPUT(darksocv.o elf32-littleriscv)

.comment        0x0000000000000000       0x29
 .comment       0x0000000000000000       0x29 boot.o
                                         0x2a (size before relaxing)
 .comment       0x0000000000000029       0x2a io.o
 .comment       0x0000000000000029       0x2a stdio.o
 .comment       0x0000000000000029       0x2a main.o
 .comment       0x0000000000000029       0x2a banner.o
