
Allocating common symbols
Common symbol       size              file

io                  0x10              io.o

Memory Configuration

Name             Origin             Length             Attributes
ROM              0x0000000000000000 0x0000000000001000 x !rw
RAM              0x0000000000001000 0x0000000000001000 rw !x
IO               0x0000000080000000 0x0000000000000010 rw !x
*default*        0x0000000000000000 0xffffffffffffffff

Linker script and memory map


.text           0x0000000000000000      0x7a8
 boot.o(.text)
 .text          0x0000000000000000       0x74 boot.o
                0x0000000000000000                boot
 *(.text)
 .text          0x0000000000000074        0x0 io.o
 .text          0x0000000000000074      0x6c0 stdio.o
                0x0000000000000074                getchar
                0x0000000000000090                putchar
                0x00000000000000d0                gets
                0x0000000000000154                putstr
                0x0000000000000194                puts
                0x00000000000001b0                putx
                0x0000000000000260                putd
                0x00000000000002f0                printf
                0x00000000000003c4                strncmp
                0x00000000000003f8                strcmp
                0x0000000000000400                strlen
                0x0000000000000424                memcpy
                0x0000000000000448                memset
                0x0000000000000464                strtok
                0x0000000000000504                atoi
                0x0000000000000558                xtoi
                0x0000000000000598                mac
                0x00000000000005a0                __umulsi3
                0x00000000000005e8                __mulsi3
                0x0000000000000640                __udiv_umod_si3
                0x0000000000000690                __udivsi3
                0x0000000000000698                __umodsi3
                0x00000000000006a0                __div_mod_si3
                0x0000000000000724                __divsi3
                0x000000000000072c                __modsi3
 .text          0x0000000000000734        0x0 main.o
 .text          0x0000000000000734       0x74 banner.o
                0x0000000000000734                banner

.text.startup   0x00000000000007a8      0x7a4
 .text.startup  0x00000000000007a8      0x7a4 main.o
                0x00000000000007a8                main

.data           0x0000000000001000      0x4bc
 *(.data)
 .data          0x0000000000001000        0x0 boot.o
 .data          0x0000000000001000       0x18 io.o
                0x0000000000001000                board_name
 .data          0x0000000000001018        0x0 stdio.o
 .data          0x0000000000001018        0x0 main.o
 .data          0x0000000000001018        0x0 banner.o
 *(.bss)
 .bss           0x0000000000001018        0x0 boot.o
 .bss           0x0000000000001018        0x0 io.o
 .bss           0x0000000000001018        0x0 stdio.o
 .bss           0x0000000000001018        0x0 main.o
 .bss           0x0000000000001018        0x0 banner.o
 *(.rela*)
 .rela.text     0x0000000000001018        0x0 boot.o
 .rela.text.startup
                0x0000000000001018        0x0 boot.o
 *(.rodata*)
 .rodata.str1.4
                0x0000000000001018       0x71 io.o
 *fill*         0x0000000000001089        0x3 
 .rodata        0x000000000000108c       0x40 stdio.o
 .rodata.str1.4
                0x00000000000010cc       0x27 stdio.o
 *fill*         0x00000000000010f3        0x1 
 .rodata.str1.4
                0x00000000000010f4      0x2af main.o
                                        0x2b3 (size before relaxing)
 *fill*         0x00000000000013a3        0x1 
 .rodata.str1.4
                0x00000000000013a4      0x110 banner.o
                                        0x10d (size before relaxing)
 *(.sbss)
 .sbss          0x00000000000014b4        0x4 io.o
                0x00000000000014b4                threads
 .sbss          0x00000000000014b8        0x4 stdio.o

.io             0x0000000080000000       0x10
 io.o(COMMON)
 COMMON         0x0000000080000000       0x10 io.o
                0x0000000080000000                io
LOAD boot.o
LOAD stdio.o
LOAD main.o
LOAD io.o
LOAD banner.o
OUTPUT(darksocv.o elf32-littleriscv)

.comment        0x0000000000000000       0x29
 .comment       0x0000000000000000       0x29 boot.o
                                         0x2a (size before relaxing)
 .comment       0x0000000000000029       0x2a io.o
 .comment       0x0000000000000029       0x2a stdio.o
 .comment       0x0000000000000029       0x2a main.o
 .comment       0x0000000000000029       0x2a banner.o
