
Allocating common symbols
Common symbol       size              file

io                  0x10              io.o

Memory Configuration

Name             Origin             Length             Attributes
ROM              0x0000000000000000 0x0000000000001000 x !rw
RAM              0x0000000000001000 0x0000000000001000 rw !x
IO               0x0000000080000000 0x0000000000000010 rw !x
*default*        0x0000000000000000 0xffffffffffffffff

Linker script and memory map


.text           0x0000000000000000      0x54c
 boot.o(.text)
 .text          0x0000000000000000       0xa4 boot.o
                0x0000000000000000                _start
 *(.text)
 .text          0x00000000000000a4        0x0 io.o
 .text          0x00000000000000a4      0x434 stdio.o
                0x00000000000000a4                getchar
                0x00000000000000c0                putchar
                0x0000000000000100                gets
                0x0000000000000178                puts
                0x00000000000001b0                putx
                0x0000000000000290                putd
                0x0000000000000374                printf
                0x0000000000000470                strcmp
                0x0000000000000498                memcpy
                0x00000000000004bc                memset
 .text          0x00000000000004d8        0x0 main.o
 .text          0x00000000000004d8       0x74 hello.o
                0x00000000000004d8                hello

.text.startup   0x000000000000054c      0x244
 .text.startup  0x000000000000054c      0x244 main.o
                0x000000000000054c                main

.data           0x0000000000001000      0x2a8
 *(.data)
 .data          0x0000000000001000        0x0 boot.o
 .data          0x0000000000001000       0x14 io.o
                0x0000000000001000                board_name
 .data          0x0000000000001014        0x0 stdio.o
 .data          0x0000000000001014        0x0 main.o
 .data          0x0000000000001014        0x0 hello.o
 *(.bss)
 .bss           0x0000000000001014        0x0 boot.o
 .bss           0x0000000000001014        0x0 io.o
 .bss           0x0000000000001014        0x0 stdio.o
 .bss           0x0000000000001014        0x0 main.o
 .bss           0x0000000000001014        0x0 hello.o
 *(.rela*)
 .rela.text     0x0000000000001014        0x0 boot.o
 .rela.text.startup
                0x0000000000001014        0x0 boot.o
 *(.rodata*)
 .rodata.str1.4
                0x0000000000001014       0x51 boot.o
 *fill*         0x0000000000001065        0x3 
 .rodata.str1.4
                0x0000000000001068       0x5e io.o
 *fill*         0x00000000000010c6        0x2 
 .rodata        0x00000000000010c8       0x28 stdio.o
 .rodata.str1.4
                0x00000000000010f0       0x11 stdio.o
 *fill*         0x0000000000001101        0x3 
 .rodata.str1.4
                0x0000000000001104       0x92 main.o
 *fill*         0x0000000000001196        0x2 
 .rodata.str1.4
                0x0000000000001198      0x110 hello.o
                                        0x10d (size before relaxing)

.io             0x0000000080000000       0x10
 io.o(COMMON)
 COMMON         0x0000000080000000       0x10 io.o
                0x0000000080000000                io
LOAD boot.o
LOAD stdio.o
LOAD main.o
LOAD io.o
LOAD hello.o
OUTPUT(darksocv.o elf32-littleriscv)

.comment        0x0000000000000000       0x29
 .comment       0x0000000000000000       0x29 boot.o
                                         0x2a (size before relaxing)
 .comment       0x0000000000000029       0x2a io.o
 .comment       0x0000000000000029       0x2a stdio.o
 .comment       0x0000000000000029       0x2a main.o
 .comment       0x0000000000000029       0x2a hello.o
