
Allocating common symbols
Common symbol       size              file

io                  0x10              io.o

Memory Configuration

Name             Origin             Length             Attributes
ROM              0x0000000000000000 0x0000000000001000 x !rw
RAM              0x0000000000001000 0x0000000000001000 rw !x
IO               0x0000000080000000 0x0000000000000010 rw !x
*default*        0x0000000000000000 0xffffffffffffffff

Linker script and memory map


.text           0x0000000000000000      0x7a4
 boot.o(.text)
 .text          0x0000000000000000       0x74 boot.o
                0x0000000000000000                boot
 *(.text)
 .text          0x0000000000000074        0x0 io.o
 .text          0x0000000000000074      0x6bc stdio.o
                0x0000000000000074                getchar
                0x0000000000000090                putchar
                0x00000000000000d0                gets
                0x0000000000000188                putstr
                0x00000000000001c8                puts
                0x00000000000001e4                putdx
                0x00000000000002dc                putx
                0x00000000000002e4                putd
                0x00000000000002ec                printf
                0x00000000000003c0                strncmp
                0x00000000000003f4                strcmp
                0x00000000000003fc                strlen
                0x0000000000000420                memcpy
                0x0000000000000444                memset
                0x0000000000000460                strtok
                0x0000000000000500                atoi
                0x0000000000000554                xtoi
                0x0000000000000594                mac
                0x000000000000059c                __umulsi3
                0x00000000000005e4                __mulsi3
                0x000000000000063c                __udiv_umod_si3
                0x000000000000068c                __udivsi3
                0x0000000000000694                __umodsi3
                0x000000000000069c                __div_mod_si3
                0x0000000000000720                __divsi3
                0x0000000000000728                __modsi3
 .text          0x0000000000000730        0x0 main.o
 .text          0x0000000000000730       0x74 banner.o
                0x0000000000000730                banner

.text.startup   0x00000000000007a4      0x6d8
 .text.startup  0x00000000000007a4      0x6d8 main.o
                0x00000000000007a4                main

.data           0x0000000000001000      0x4a4
 *(.data)
 .data          0x0000000000001000        0x0 boot.o
 .data          0x0000000000001000       0x18 io.o
                0x0000000000001000                board_name
 .data          0x0000000000001018        0x0 stdio.o
 .data          0x0000000000001018        0x0 main.o
 .data          0x0000000000001018        0x0 banner.o
 *(.bss)
 .bss           0x0000000000001018        0x0 boot.o
 .bss           0x0000000000001018        0x0 io.o
 .bss           0x0000000000001018        0x0 stdio.o
 .bss           0x0000000000001018        0x0 main.o
 .bss           0x0000000000001018        0x0 banner.o
 *(.rela*)
 .rela.text     0x0000000000001018        0x0 boot.o
 .rela.text.startup
                0x0000000000001018        0x0 boot.o
 *(.rodata*)
 .rodata.str1.4
                0x0000000000001018       0x71 io.o
 *fill*         0x0000000000001089        0x3 
 .rodata        0x000000000000108c       0x40 stdio.o
 .rodata.str1.4
                0x00000000000010cc       0x19 stdio.o
 *fill*         0x00000000000010e5        0x3 
 .rodata.str1.4
                0x00000000000010e8      0x2a3 main.o
                                        0x2a7 (size before relaxing)
 *fill*         0x000000000000138b        0x1 
 .rodata.str1.4
                0x000000000000138c      0x110 banner.o
                                        0x10d (size before relaxing)
 *(.sbss)
 .sbss          0x000000000000149c        0x4 io.o
                0x000000000000149c                threads
 .sbss          0x00000000000014a0        0x4 stdio.o

.io             0x0000000080000000       0x10
 io.o(COMMON)
 COMMON         0x0000000080000000       0x10 io.o
                0x0000000080000000                io
LOAD boot.o
LOAD stdio.o
LOAD main.o
LOAD io.o
LOAD banner.o
OUTPUT(darksocv.o elf32-littleriscv)

.comment        0x0000000000000000       0x29
 .comment       0x0000000000000000       0x29 boot.o
                                         0x2a (size before relaxing)
 .comment       0x0000000000000029       0x2a io.o
 .comment       0x0000000000000029       0x2a stdio.o
 .comment       0x0000000000000029       0x2a main.o
 .comment       0x0000000000000029       0x2a banner.o
