
Allocating common symbols
Common symbol       size              file

io                  0x4               boot.o

Memory Configuration

Name             Origin             Length             Attributes
XO               0x0000000000000000 0x0000000000001000
RW               0x0000000040000000 0x0000000000001000
*default*        0x0000000000000000 0xffffffffffffffff

Linker script and memory map


.text           0x0000000000000000      0x590
 boot.o(.text)
 .text          0x0000000000000000      0x154 boot.o
                0x0000000000000000                _start
 *(.text)
 .text          0x0000000000000154      0x384 stdio.o
                0x0000000000000154                getchar
                0x0000000000000170                putchar
                0x00000000000001b4                gets
                0x0000000000000238                putstr
                0x0000000000000270                puts
                0x00000000000002b0                hex
                0x00000000000002cc                putx
                0x00000000000003cc                printf
                0x00000000000004a8                strcmp
 .text          0x00000000000004d8       0xb8 hello.o
                0x00000000000004d8                main
 *(.rodata)

.rodata.str1.4  0x0000000000000590      0x5a4
 .rodata.str1.4
                0x0000000000000590      0x549 boot.o
 *fill*         0x0000000000000ad9        0x3 
 .rodata.str1.4
                0x0000000000000adc       0x11 stdio.o
 *fill*         0x0000000000000aed        0x3 
 .rodata.str1.4
                0x0000000000000af0       0x44 hello.o
                                         0x4c (size before relaxing)

.rela.dyn       0x0000000000000b34        0x0
 .rela.text     0x0000000000000b34        0x0 boot.o

.data           0x0000000040000000        0x0
 *(.data)
 .data          0x0000000040000000        0x0 boot.o
 .data          0x0000000040000000        0x0 stdio.o
 .data          0x0000000040000000        0x0 hello.o

.bss            0x0000000040000000        0x4
 *(.bss)
 .bss           0x0000000040000000        0x0 boot.o
 .bss           0x0000000040000000        0x0 stdio.o
 .bss           0x0000000040000000        0x0 hello.o
 COMMON         0x0000000040000000        0x4 boot.o
                0x0000000040000000                io
LOAD boot.o
LOAD stdio.o
LOAD hello.o
OUTPUT(darksocv.o elf32-littleriscv)

.comment        0x0000000000000000       0x29
 .comment       0x0000000000000000       0x29 boot.o
                                         0x2a (size before relaxing)
 .comment       0x0000000000000029       0x2a stdio.o
 .comment       0x0000000000000029       0x2a hello.o
