
Allocating common symbols
Common symbol       size              file

io                  0x4               boot.o

Memory Configuration

Name             Origin             Length             Attributes
XO               0x0000000000000000 0x0000000000001000
RW               0x0000000040000000 0x0000000000001000
*default*        0x0000000000000000 0xffffffffffffffff

Linker script and memory map


.text           0x0000000000000000      0x504
 boot.o(.text)
 .text          0x0000000000000000       0xd0 boot.o
                0x0000000000000000                _start
 *(.text)
 .text          0x00000000000000d0      0x384 stdio.o
                0x00000000000000d0                getchar
                0x00000000000000ec                putchar
                0x0000000000000130                gets
                0x00000000000001b4                putstr
                0x00000000000001ec                puts
                0x000000000000022c                hex
                0x0000000000000248                putx
                0x0000000000000348                printf
                0x0000000000000424                strcmp
 .text          0x0000000000000454       0xb0 hello.o
                0x0000000000000454                main
 *(.rodata)

.rodata.str1.4  0x0000000000000504      0x170
 .rodata.str1.4
                0x0000000000000504      0x115 boot.o
 *fill*         0x0000000000000619        0x3 
 .rodata.str1.4
                0x000000000000061c       0x11 stdio.o
 *fill*         0x000000000000062d        0x3 
 .rodata.str1.4
                0x0000000000000630       0x44 hello.o
                                         0x4c (size before relaxing)

.rela.dyn       0x0000000000000674        0x0
 .rela.text     0x0000000000000674        0x0 boot.o

.data           0x0000000040000000        0x0
 *(.data)
 .data          0x0000000040000000        0x0 boot.o
 .data          0x0000000040000000        0x0 stdio.o
 .data          0x0000000040000000        0x0 hello.o

.bss            0x0000000040000000        0x4
 *(.bss)
 .bss           0x0000000040000000        0x0 boot.o
 .bss           0x0000000040000000        0x0 stdio.o
 .bss           0x0000000040000000        0x0 hello.o
 COMMON         0x0000000040000000        0x4 boot.o
                0x0000000040000000                io
LOAD boot.o
LOAD stdio.o
LOAD hello.o
OUTPUT(darksocv.o elf32-littleriscv)

.comment        0x0000000000000000       0x29
 .comment       0x0000000000000000       0x29 boot.o
                                         0x2a (size before relaxing)
 .comment       0x0000000000000029       0x2a stdio.o
 .comment       0x0000000000000029       0x2a hello.o
