
Allocating common symbols
Common symbol       size              file

io                  0x10              io.o

Memory Configuration

Name             Origin             Length             Attributes
IO               0x0000000080000000 0x0000000000000010 rw !x
ROM              0x0000000000000000 0x0000000000001000 x !rw
RAM              0x0000000000001000 0x0000000000001000 rw !x
*default*        0x0000000000000000 0xffffffffffffffff

Linker script and memory map


.io             0x0000000080000000       0x10
 io.o(COMMON)
 COMMON         0x0000000080000000       0x10 io.o
                0x0000000080000000                io

.text           0x0000000000000000      0x888
 boot.o(.text)
 .text          0x0000000000000000       0xa0 boot.o
                0x0000000000000000                boot
 *(.text)
 .text          0x00000000000000a0       0x6c io.o
                0x00000000000000a0                board_name
 .text          0x000000000000010c      0x708 stdio.o
                0x000000000000010c                getchar
                0x0000000000000128                putchar
                0x0000000000000168                gets
                0x0000000000000220                putstr
                0x0000000000000260                puts
                0x000000000000027c                putdx
                0x0000000000000374                putx
                0x000000000000037c                putd
                0x0000000000000384                printf
                0x0000000000000458                strncmp
                0x000000000000048c                strcmp
                0x0000000000000494                strlen
                0x00000000000004b8                memcpy
                0x00000000000004dc                memset
                0x00000000000004f8                strtok
                0x0000000000000598                atoi
                0x00000000000005ec                xtoi
                0x000000000000062c                mac
                0x0000000000000634                __umulsi3
                0x0000000000000668                __mulsi3
                0x00000000000006c0                __udiv_umod_si3
                0x0000000000000710                __udivsi3
                0x0000000000000718                __umodsi3
                0x0000000000000720                __div_mod_si3
                0x00000000000007a4                __divsi3
                0x00000000000007ac                __modsi3
                0x00000000000007b4                usleep
 .text          0x0000000000000814        0x0 main.o
 .text          0x0000000000000814       0x74 banner.o
                0x0000000000000814                banner

.text.startup   0x0000000000000888      0x420
 .text.startup  0x0000000000000888      0x420 main.o
                0x0000000000000888                main

.data           0x0000000000001000      0x4d0
 *(.sbss)
 .sbss          0x0000000000001000        0x8 io.o
                0x0000000000001000                utimers
                0x0000000000001004                threads
 .sbss          0x0000000000001008        0x4 stdio.o
 *(.rodata*)
 .rodata.str1.4
                0x000000000000100c       0x7c io.o
 .rodata.str1.4
                0x0000000000001088       0x21 boot.o
 *fill*         0x00000000000010a9        0x3 
 .rodata        0x00000000000010ac       0x40 stdio.o
 .rodata.str1.4
                0x00000000000010ec       0x19 stdio.o
 *fill*         0x0000000000001105        0x3 
 .rodata.str1.4
                0x0000000000001108      0x2b7 main.o
                                        0x2bb (size before relaxing)
 *fill*         0x00000000000013bf        0x1 
 .rodata.str1.4
                0x00000000000013c0      0x110 banner.o
                                        0x10d (size before relaxing)
 *(.data)
 .data          0x00000000000014d0        0x0 io.o
 .data          0x00000000000014d0        0x0 boot.o
 .data          0x00000000000014d0        0x0 stdio.o
 .data          0x00000000000014d0        0x0 main.o
 .data          0x00000000000014d0        0x0 banner.o
 *(.bss)
 .bss           0x00000000000014d0        0x0 io.o
 .bss           0x00000000000014d0        0x0 boot.o
 .bss           0x00000000000014d0        0x0 stdio.o
 .bss           0x00000000000014d0        0x0 main.o
 .bss           0x00000000000014d0        0x0 banner.o
 *(.rela*)
 .rela.text     0x00000000000014d0        0x0 io.o
 .rela.text.startup
                0x00000000000014d0        0x0 io.o
 *(COMMON)
LOAD boot.o
LOAD stdio.o
LOAD main.o
LOAD io.o
LOAD banner.o
OUTPUT(darksocv.o elf32-littleriscv)

.comment        0x0000000000000000       0x29
 .comment       0x0000000000000000       0x29 io.o
                                         0x2a (size before relaxing)
 .comment       0x0000000000000029       0x2a boot.o
 .comment       0x0000000000000029       0x2a stdio.o
 .comment       0x0000000000000029       0x2a main.o
 .comment       0x0000000000000029       0x2a banner.o
